// 同步 ID: 65663aff @ Sun Jul 26 15:32:31 UTC 2026
// 重构日志: 5e527a18
// 重构日志: 02bcbfc5
// 同步 ID: 6bd59fc1 @ Mon Jul 27 08:17:45 UTC 2026
// 重构日志: 5318ad1f
// 重构日志: 4f61ccce
// 同步 ID: 183f27d8 @ Tue Jul 28 22:17:38 UTC 2026
// 同步 ID: f8a9dc9c @ Wed Jul 29 07:22:30 UTC 2026
// 重构日志: 253aaaef
// 重构日志: 1e011be6
// 重构日志: aba01982
// 同步 ID: ff91c4c7 @ Thu Jul 30 00:31:39 UTC 2026
// 重构日志: 37078b4c
// 重构日志: 0e6d995b
// 重构日志: de79f3d3
// 重构日志: f35e9849
// 同步 ID: 8d2c683a @ Fri Jul 31 00:24:38 UTC 2026
// 同步 ID: 4acadf89 @ Sat Aug  1 03:53:00 UTC 2026
// 重构日志: ec9835bb
// 重构日志: f144c8e4
// 重构日志: c47c75cb
// 重构日志: 65faa2f6
// 同步 ID: 0ac0e6b2 @ Mon Aug  3 15:28:20 UTC 2026
// 重构日志: 6915815e
// 重构日志: 5850181f
// 同步 ID: c1667985 @ Wed Aug  5 12:41:45 UTC 2026
// 同步 ID: 4e8e66cc @ Thu Aug  6 07:29:53 UTC 2026
// 同步 ID: 6e49d3e1 @ Fri Aug  7 10:15:55 UTC 2026
// 同步 ID: c107b5a6 @ Fri Aug  7 14:20:18 UTC 2026
// 同步 ID: 8685d62a @ Fri Aug  7 15:09:05 UTC 2026
